// Jest Snapshot v1, https://goo.gl/fbAQLP

exports[`Placeholder Empty 1`] = `
Array [
  Object {
    "apiVersion": "apps/v1",
    "kind": "Deployment",
    "metadata": Object {
      "name": "test-chart-deployment",
    },
    "spec": Object {
      "replicas": 1,
      "selector": Object {
        "matchLabels": Object {
          "app": "cdk8s-demo",
          "demo": "knowledge-sharing",
        },
      },
      "template": Object {
        "metadata": Object {
          "labels": Object {
            "app": "cdk8s-demo",
            "demo": "knowledge-sharing",
          },
        },
        "spec": Object {
          "containers": Array [
            Object {
              "image": "ealen/echo-server:latest",
              "name": "echoserver",
              "ports": Array [
                Object {
                  "containerPort": 80,
                },
              ],
              "resources": Object {
                "limits": Object {
                  "cpu": "0.5",
                  "memory": "256Mi",
                },
                "requests": Object {
                  "cpu": "10m",
                  "memory": "10Mi",
                },
              },
            },
          ],
        },
      },
    },
  },
  Object {
    "apiVersion": "v1",
    "kind": "Service",
    "metadata": Object {
      "name": "test-chart-service",
    },
    "spec": Object {
      "ports": Array [
        Object {
          "port": 80,
          "targetPort": 80,
        },
      ],
      "selector": Object {
        "app": "cdk8s-demo",
        "demo": "knowledge-sharing",
      },
      "type": "ClusterIP",
    },
  },
]
`;
